../Core/Src/can.c:23:6:CANSPI_Sleep	8	static
../Core/Src/can.c:35:6:CANSPI_Initialize	40	static
../Core/Src/can.c:139:9:CANSPI_Transmit	24	static
../Core/Src/can.c:188:9:CANSPI_Receive	40	static
../Core/Src/can.c:242:9:CANSPI_messagesInBuffer	16	static
../Core/Src/can.c:262:9:CANSPI_isBussOff	16	static
../Core/Src/can.c:277:9:CANSPI_isRxErrorPassive	16	static
../Core/Src/can.c:292:9:CANSPI_isTxErrorPassive	16	static
../Core/Src/can.c:307:17:convertReg2ExtendedCANid	32	static
../Core/Src/can.c:329:17:convertReg2StandardCANid	24	static
../Core/Src/can.c:342:13:convertCANid2Reg	32	static
