../Core/Src/GFX_FUNCTIONS.c:25:6:drawPixel	16	static
../Core/Src/GFX_FUNCTIONS.c:30:6:fillRect	32	static
../Core/Src/GFX_FUNCTIONS.c:49:6:writePixel	16	static
../Core/Src/GFX_FUNCTIONS.c:54:6:writeLine	48	static
../Core/Src/GFX_FUNCTIONS.c:94:7:drawFastVLine	32	static
../Core/Src/GFX_FUNCTIONS.c:98:7:drawFastHLine	32	static
../Core/Src/GFX_FUNCTIONS.c:103:6:drawLine	40	static
../Core/Src/GFX_FUNCTIONS.c:116:6:drawCircle	40	static
../Core/Src/GFX_FUNCTIONS.c:150:6:drawCircleHelper	40	static
../Core/Src/GFX_FUNCTIONS.c:186:6:fillCircleHelper	40	static
../Core/Src/GFX_FUNCTIONS.c:223:6:fillCircle	32	static
../Core/Src/GFX_FUNCTIONS.c:231:6:drawRect	24	static
../Core/Src/GFX_FUNCTIONS.c:239:6:drawRoundRect	40	static
../Core/Src/GFX_FUNCTIONS.c:256:6:fillRoundRect	40	static
../Core/Src/GFX_FUNCTIONS.c:268:6:drawTriangle	32	static
../Core/Src/GFX_FUNCTIONS.c:276:6:fillTriangle	72	static
../Core/Src/GFX_FUNCTIONS.c:353:6:fillScreen	24	static
../Core/Src/GFX_FUNCTIONS.c:359:6:testLines	56	static
../Core/Src/GFX_FUNCTIONS.c:402:6:testFastLines	32	static
../Core/Src/GFX_FUNCTIONS.c:411:6:testRects	56	static
../Core/Src/GFX_FUNCTIONS.c:426:6:testFilledRects	56	static
../Core/Src/GFX_FUNCTIONS.c:443:6:testFilledCircles	40	static
../Core/Src/GFX_FUNCTIONS.c:456:6:testCircles	40	static
../Core/Src/GFX_FUNCTIONS.c:472:6:testTriangles	56	static
../Core/Src/GFX_FUNCTIONS.c:489:6:testFilledTriangles	56	static
../Core/Src/GFX_FUNCTIONS.c:502:6:testRoundRects	56	static
../Core/Src/GFX_FUNCTIONS.c:519:6:testFilledRoundRects	48	static
../Core/Src/GFX_FUNCTIONS.c:534:6:testFillScreen	8	static
../Core/Src/GFX_FUNCTIONS.c:543:6:testAll	8	static
